// Jest Snapshot v1, https://goo.gl/fbAQLP

exports[`should match snapshot 1`] = `
<DocumentFragment>
  <div>
    <div />
    <button>
      X
    </button>
  </div>
</DocumentFragment>
`;
