// Jest Snapshot v1, https://goo.gl/fbAQLP

exports[`should match snapshot 1`] = `
<DocumentFragment>
  <div>
    <div
      style="background-color: red; width: 5px; height: 5px;"
    />
    <button
      data-testid="add-button"
    >
      X
    </button>
  </div>
</DocumentFragment>
`;
